// Jest Snapshot v1, https://goo.gl/fbAQLP

exports[`ProfilePage renders a user Profile and Feed on success 1`] = `
<div
  className="profilepage"
>
  <Profile
    cover_image_url="https://images.unsplash.com/photo-1531951286638-d1b6cdae30c9?ixlib=rb-0.3.5&ixid=eyJhcHBfaWQiOjEyMDd9&s=78d69f6595028931f9b88466dcd54ca9&auto=format&fit=crop&w=800&q=80"
    following={120}
    name="Tom"
  />
  <Feed
    tweets={Array []}
  />
</div>
`;

exports[`ProfilePage renders the error state on error 1`] = `
<Error
  message="Whoops"
/>
`;

exports[`ProfilePage renders the loading state when loading 1`] = `<Loading />`;
